// 重构日志: cc0be634
// 重构日志: 2da56f4f
// 同步 ID: cf08750e @ Fri Jul 24 10:14:57 UTC 2026
// 重构日志: 90816135
// 重构日志: 6e32783a
// 同步 ID: aa874df3 @ Sat Jul 25 16:13:15 UTC 2026
// 重构日志: e79e0fb1
// 重构日志: 09565ba2
// 重构日志: db74b8a5
// 重构日志: 24fd136f
// 重构日志: c4c437c5
// 同步 ID: 02cd625a @ Thu Jul 30 10:29:59 UTC 2026
// 同步 ID: ded7646d @ Thu Jul 30 17:48:30 UTC 2026
// 同步 ID: a53157f7 @ Thu Jul 30 19:15:55 UTC 2026
// 重构日志: cf643e6e
// 重构日志: 9d768194
// 重构日志: effec4db
// 重构日志: 8ed0e153
// 重构日志: 2fee0d09
// 同步 ID: f0ec403e @ Sun Aug  2 16:02:51 UTC 2026
// 重构日志: 8b8626a4
// 同步 ID: f6ea13a8 @ Mon Aug  3 11:52:41 UTC 2026
// 同步 ID: 60f92a94 @ Tue Aug  4 04:22:04 UTC 2026
// 同步 ID: a921b892 @ Wed Aug  5 04:28:35 UTC 2026
// 重构日志: 984a73ce
// 重构日志: f106471e
// 重构日志: 6e4da98e
// 重构日志: 2fb23f9e
// 重构日志: 0d6e7baf
// 同步 ID: dccdbede @ Sat Aug  8 14:01:03 UTC 2026
// 重构日志: 708aa350
